// Jest Snapshot v1, https://goo.gl/fbAQLP

exports[`<HomeScreen /> HomeScreen renders correctly 1`] = `
<View>
  <Text>
    Home
  </Text>
</View>
`;
