// Jest Snapshot v1, https://goo.gl/fbAQLP

exports[`<LiveScreen /> LiveScreen renders correctly 1`] = `
<View>
  <Text>
    Live
  </Text>
</View>
`;
