// Jest Snapshot v1, https://goo.gl/fbAQLP

exports[`<NewsScreen /> NewsScreen renders correctly 1`] = `
<View>
  <Text>
    News
  </Text>
</View>
`;
