// Jest Snapshot v1, https://goo.gl/fbAQLP

exports[`<SeriesScreen /> SeriesScreen renders correctly 1`] = `
<View>
  <Text>
    Series
  </Text>
</View>
`;
