// Jest Snapshot v1, https://goo.gl/fbAQLP

exports[`<VideosScreen /> VideosScreen renders correctly 1`] = `
<View>
  <Text>
    Videos
  </Text>
</View>
`;
